------------------------------------------------------------
Timing Analyzer Summary
------------------------------------------------------------

Type  : Slow 1200mV 85C Model Setup 'clk'
Slack : -1.216
TNS   : -13.448

Type  : Slow 1200mV 85C Model Hold 'clk'
Slack : 0.356
TNS   : 0.000

Type  : Slow 1200mV 85C Model Recovery 'clk'
Slack : -1.632
TNS   : -19.409

Type  : Slow 1200mV 85C Model Removal 'clk'
Slack : 0.768
TNS   : 0.000

Type  : Slow 1200mV 85C Model Minimum Pulse Width 'clk'
Slack : -3.000
TNS   : -23.000

Type  : Slow 1200mV 0C Model Setup 'clk'
Slack : -0.972
TNS   : -10.164

Type  : Slow 1200mV 0C Model Hold 'clk'
Slack : 0.310
TNS   : 0.000

Type  : Slow 1200mV 0C Model Recovery 'clk'
Slack : -1.350
TNS   : -16.039

Type  : Slow 1200mV 0C Model Removal 'clk'
Slack : 0.719
TNS   : 0.000

Type  : Slow 1200mV 0C Model Minimum Pulse Width 'clk'
Slack : -3.000
TNS   : -23.000

Type  : Fast 1200mV 0C Model Setup 'clk'
Slack : -0.246
TNS   : -0.720

Type  : Fast 1200mV 0C Model Hold 'clk'
Slack : 0.186
TNS   : 0.000

Type  : Fast 1200mV 0C Model Recovery 'clk'
Slack : -0.540
TNS   : -6.361

Type  : Fast 1200mV 0C Model Removal 'clk'
Slack : 0.417
TNS   : 0.000

Type  : Fast 1200mV 0C Model Minimum Pulse Width 'clk'
Slack : -3.000
TNS   : -23.520

------------------------------------------------------------
